nohup: ignoring input
=== ticket: exacta (馬単) ===
top 20 jockeys
races: 6006
  200/6006 42s samples=16659
  400/6006 108s samples=31334
  600/6006 177s samples=48046
  800/6006 241s samples=61223
  1000/6006 307s samples=75309
  1200/6006 384s samples=90461
  1400/6006 456s samples=105986
  2200/6006 733s samples=167445
  2400/6006 802s samples=180904
  2600/6006 874s samples=197013
  3000/6006 1012s samples=227268
  3200/6006 1074s samples=241530
  3400/6006 1138s samples=255917
  3600/6006 1198s samples=271594
  3800/6006 1259s samples=287618
  4000/6006 1319s samples=302856
  4200/6006 1382s samples=320468
  4400/6006 1442s samples=335346
  4600/6006 1490s samples=348007
  4800/6006 1547s samples=363038
  5000/6006 1606s samples=379650
  5400/6006 1722s samples=408707
  5600/6006 1782s samples=424630
  5800/6006 1842s samples=439468
  6000/6006 1901s samples=455551

=== 集計: 5257 レース, 455913 サンプル, 除外(50/1.0)=709 ===

総検定数=176, z_adj=3.6294
saved scratch/multi_exacta_result.json

=== 実 vs 市場: ROI 優位（実 > 市場） ===

=== 実 vs 市場: 的中率 優位（実 > 市場） ===
  [win1_hw] 490-520 n=66631 diff=+0.219%
  [win1_pop] 1番人気 n=45776 diff=+2.621%
  [win1_win_odds] 0-3 n=48153 diff=+2.537%
  [win2_hw] 0-400 n=9071 diff=+0.334%
  [win2_hw] 400-430 n=48092 diff=+0.200%
  [win2_pop] 4-6番人気 n=137233 diff=+0.396%
  [win2_pop] 7-9番人気 n=126876 diff=+0.162%
  [win2_pop] 3番人気 n=45764 diff=+0.510%
  [win2_win_odds] 20-50 n=91332 diff=+0.344%
  [win2_win_odds] 50-100 n=53475 diff=+0.142%
  [win2_win_odds] 10-20 n=73844 diff=+0.446%
  [win2_win_odds] 5-10 n=73279 diff=+0.485%
