nohup: ignoring input
=== ticket: wide (ワイド) ===
top 20 jockeys
races: 6006
  200/6006 33s samples=7982
  400/6006 68s samples=15130
  600/6006 104s samples=23200
  800/6006 133s samples=29548
  1000/6006 164s samples=36369
  1200/6006 199s samples=43730
  1400/6006 235s samples=51209
  2200/6006 390s samples=80825
  2400/6006 426s samples=87397
  2600/6006 462s samples=95119
  3000/6006 532s samples=109630
  3200/6006 566s samples=116488
  3400/6006 602s samples=123500
  3600/6006 637s samples=131006
  3800/6006 673s samples=138734
  4000/6006 709s samples=146131
  4200/6006 747s samples=154529
  4400/6006 786s samples=161756
  4600/6006 816s samples=167813
  4800/6006 851s samples=175081
  5000/6006 885s samples=182936
  5400/6006 953s samples=196986
  5600/6006 988s samples=204628
  5800/6006 1022s samples=211793
  6000/6006 1056s samples=219466

=== 集計: 5257 レース, 219646 サンプル, 除外(50/1.0)=709 ===

総検定数=175, z_adj=3.6279
saved scratch/multi_wide_result.json

=== 実 vs 市場: ROI 優位（実 > 市場） ===

=== 実 vs 市場: 的中率 優位（実 > 市場） ===
  [win1_age] 4-4歳 n=60396 diff=+1.311%
  [win1_weight] 56-57 n=83218 diff=+0.443%
  [win1_weight] 57-58 n=3042 diff=+1.972%
  [win1_hw] 490-520 n=32060 diff=+0.784%
  [win1_hw] 520-550 n=8440 diff=+1.239%
  [win1_hw_chg] 10~100 n=12954 diff=+0.950%
  [win1_pop] 3番人気 n=21667 diff=+4.041%
  [win1_pop] 1番人気 n=21179 diff=+11.393%
  [win1_pop] 2番人気 n=21359 diff=+7.527%
  [win1_win_odds] 0-3 n=22099 diff=+12.106%
  [win1_win_odds] 3-5 n=22057 diff=+6.795%
  [win1_win_odds] 5-10 n=34728 diff=+2.817%
  [win1_frame] 枠7 n=18073 diff=+1.084%
  [win1_frame] 枠8 n=4120 diff=+2.239%
  [win1_jockey] 騎手1 n=2471 diff=+2.366%
  [win1_jockey] 騎手15 n=2409 diff=+2.356%
  [win1_jockey] 騎手0 n=2752 diff=+4.403%
  [win1_jockey] 騎手18 n=2126 diff=+3.233%
  [win1_jockey] 騎手11 n=2430 diff=+3.937%
  [win1_jockey] 騎手13 n=2630 diff=+6.658%
