[22:44:39] [nar] start 2023-01-02〜2023-01-02 target=50 existing_races=5256 existing_odds=5208
[22:44:39] [nar] concurrency=16 inner=8 force_redo=True
[22:44:39] === day 1/1 2023-01-02 ===
[22:44:43]   venues=4: ['船橋', '水沢', '金沢', '園田']
[22:44:50]   [1/4] 船橋 12R start
[22:45:21] [progress] new=1 skip=0 empty=0 fail=0 processed=1 elapsed=45s rate=0.02/s target=50 remain=49 eta=2216s
[22:45:26] [progress] new=3 skip=0 empty=0 fail=0 processed=3 elapsed=50s rate=0.06/s target=50 remain=47 eta=786s
[22:45:30] [progress] new=4 skip=0 empty=0 fail=0 processed=4 elapsed=54s rate=0.07/s target=50 remain=46 eta=622s
[22:45:34] [progress] new=5 skip=0 empty=0 fail=0 processed=5 elapsed=58s rate=0.09/s target=50 remain=45 eta=520s
[22:45:39] [progress] new=7 skip=0 empty=0 fail=0 processed=7 elapsed=63s rate=0.11/s target=50 remain=43 eta=388s
[22:45:43] [progress] new=8 skip=0 empty=0 fail=0 processed=8 elapsed=67s rate=0.12/s target=50 remain=42 eta=353s
[22:45:46] [progress] new=9 skip=0 empty=0 fail=0 processed=9 elapsed=70s rate=0.13/s target=50 remain=41 eta=320s
[22:45:50] [progress] new=10 skip=0 empty=0 fail=0 processed=10 elapsed=74s rate=0.14/s target=50 remain=40 eta=296s
[22:45:56] [progress] new=12 skip=0 empty=0 fail=0 processed=12 elapsed=79s rate=0.15/s target=50 remain=38 eta=252s
[22:45:56]   [1/4] 船橋 done new=12 R (total_new=12)
[22:45:56] [progress] new=12 skip=0 empty=0 fail=0 processed=12 elapsed=79s rate=0.15/s target=50 remain=38 eta=252s
[22:46:01]   [2/4] 水沢 10R start
[22:46:23] [progress] new=13 skip=0 empty=0 fail=0 processed=13 elapsed=107s rate=0.12/s target=50 remain=37 eta=304s
[22:46:26] [progress] new=14 skip=0 empty=0 fail=0 processed=14 elapsed=110s rate=0.13/s target=50 remain=36 eta=283s
[22:46:30] [progress] new=15 skip=0 empty=0 fail=0 processed=15 elapsed=114s rate=0.13/s target=50 remain=35 eta=266s
[22:46:34] [progress] new=16 skip=0 empty=0 fail=0 processed=16 elapsed=117s rate=0.14/s target=50 remain=34 eta=250s
[22:46:37] [progress] new=17 skip=0 empty=0 fail=0 processed=17 elapsed=121s rate=0.14/s target=50 remain=33 eta=234s
[22:46:40] [progress] new=18 skip=0 empty=0 fail=0 processed=18 elapsed=124s rate=0.15/s target=50 remain=32 eta=220s
[22:46:44] [progress] new=19 skip=0 empty=0 fail=0 processed=19 elapsed=128s rate=0.15/s target=50 remain=31 eta=208s
[22:46:48] [progress] new=20 skip=0 empty=0 fail=0 processed=20 elapsed=131s rate=0.15/s target=50 remain=30 eta=197s
[22:46:53] [progress] new=22 skip=0 empty=0 fail=0 processed=22 elapsed=136s rate=0.16/s target=50 remain=28 eta=174s
[22:46:53]   [2/4] 水沢 done new=10 R (total_new=22)
[22:46:53] [progress] new=22 skip=0 empty=0 fail=0 processed=22 elapsed=136s rate=0.16/s target=50 remain=28 eta=174s
[22:46:58]   [3/4] 金沢 11R start
[22:47:29] [progress] new=23 skip=0 empty=0 fail=0 processed=23 elapsed=173s rate=0.13/s target=50 remain=27 eta=203s
[22:47:34] [progress] new=25 skip=0 empty=0 fail=0 processed=25 elapsed=178s rate=0.14/s target=50 remain=25 eta=178s
[22:47:38] [progress] new=26 skip=0 empty=0 fail=0 processed=26 elapsed=182s rate=0.14/s target=50 remain=24 eta=168s
[22:47:42] [progress] new=27 skip=0 empty=0 fail=0 processed=27 elapsed=186s rate=0.15/s target=50 remain=23 eta=158s
[22:47:46] [progress] new=28 skip=0 empty=0 fail=0 processed=28 elapsed=189s rate=0.15/s target=50 remain=22 eta=149s
[22:47:52] [progress] new=30 skip=0 empty=0 fail=0 processed=30 elapsed=196s rate=0.15/s target=50 remain=20 eta=131s
[22:47:55] [progress] new=31 skip=0 empty=0 fail=0 processed=31 elapsed=199s rate=0.16/s target=50 remain=19 eta=122s
[22:47:58] [progress] new=32 skip=0 empty=0 fail=0 processed=32 elapsed=202s rate=0.16/s target=50 remain=18 eta=114s
[22:48:01]   [3/4] 金沢 done new=11 R (total_new=33)
[22:48:01] [progress] new=33 skip=0 empty=0 fail=0 processed=33 elapsed=205s rate=0.16/s target=50 remain=17 eta=106s
[22:48:08]   [4/4] 園田 12R start
[22:48:35] [progress] new=34 skip=0 empty=0 fail=0 processed=34 elapsed=238s rate=0.14/s target=50 remain=16 eta=112s
[22:48:40] [progress] new=36 skip=0 empty=0 fail=0 processed=36 elapsed=244s rate=0.15/s target=50 remain=14 eta=95s
[22:48:47] [progress] new=38 skip=0 empty=0 fail=0 processed=38 elapsed=251s rate=0.15/s target=50 remain=12 eta=79s
[22:48:50] [progress] new=39 skip=0 empty=0 fail=0 processed=39 elapsed=254s rate=0.15/s target=50 remain=11 eta=72s
[22:48:53] [progress] new=40 skip=0 empty=0 fail=0 processed=40 elapsed=257s rate=0.16/s target=50 remain=10 eta=64s
[22:48:57] [progress] new=41 skip=0 empty=0 fail=0 processed=41 elapsed=261s rate=0.16/s target=50 remain=9 eta=57s
[22:49:03] [progress] new=43 skip=0 empty=0 fail=0 processed=43 elapsed=267s rate=0.16/s target=50 remain=7 eta=43s
[22:49:09] [progress] new=45 skip=0 empty=0 fail=0 processed=45 elapsed=273s rate=0.16/s target=50 remain=5 eta=30s
[22:49:09]   [4/4] 園田 done new=12 R (total_new=45)
[22:49:09] [progress] new=45 skip=0 empty=0 fail=0 processed=45 elapsed=273s rate=0.16/s target=50 remain=5 eta=30s
[22:49:09] [nar] done new=45 skipped=0 empty=0 failed=0 elapsed=270s
[00:22:01] [nar] start 2023-01-01〜2023-01-01 target=30 existing_races=0 existing_odds=0
[00:22:01] [nar] concurrency=16 inner=8 force_redo=True
[00:22:01] === day 1/1 2023-01-01 ===
[00:22:02]   venues=2: ['金沢', '高知']
[00:22:05]   [1/2] 金沢 12R start
[00:22:25] [progress] new=1 skip=0 empty=0 fail=0 processed=1 elapsed=27s rate=0.04/s target=30 remain=29 eta=774s
[00:22:32] [progress] new=2 skip=0 empty=0 fail=0 processed=2 elapsed=33s rate=0.06/s target=30 remain=28 eta=462s
[00:22:35] [progress] new=3 skip=0 empty=0 fail=0 processed=3 elapsed=37s rate=0.08/s target=30 remain=27 eta=329s
[00:22:42] [progress] new=5 skip=0 empty=0 fail=0 processed=5 elapsed=43s rate=0.12/s target=30 remain=25 eta=214s
[00:22:45] [progress] new=6 skip=0 empty=0 fail=0 processed=6 elapsed=47s rate=0.13/s target=30 remain=24 eta=186s
[00:22:50] [progress] new=8 skip=0 empty=0 fail=0 processed=8 elapsed=51s rate=0.16/s target=30 remain=22 eta=141s
[00:22:55] [progress] new=10 skip=0 empty=0 fail=0 processed=10 elapsed=56s rate=0.18/s target=30 remain=20 eta=113s
[00:22:58] [progress] new=11 skip=0 empty=0 fail=0 processed=11 elapsed=60s rate=0.18/s target=30 remain=19 eta=103s
[00:23:01]   [1/2] 金沢 done new=12 R (total_new=12)
[00:23:01] [progress] new=12 skip=0 empty=0 fail=0 processed=12 elapsed=62s rate=0.19/s target=30 remain=18 eta=94s
[00:23:06]   [2/2] 高知 11R start
[00:23:28] [progress] new=13 skip=0 empty=0 fail=0 processed=13 elapsed=90s rate=0.14/s target=30 remain=17 eta=117s
[00:23:33] [progress] new=14 skip=0 empty=0 fail=0 processed=14 elapsed=94s rate=0.15/s target=30 remain=16 eta=107s
[00:23:36] [progress] new=15 skip=0 empty=0 fail=0 processed=15 elapsed=98s rate=0.15/s target=30 remain=15 eta=98s
[00:23:42] [progress] new=17 skip=0 empty=0 fail=0 processed=17 elapsed=104s rate=0.16/s target=30 remain=13 eta=79s
[00:23:47] [progress] new=19 skip=0 empty=0 fail=0 processed=19 elapsed=109s rate=0.18/s target=30 remain=11 eta=63s
[00:23:53] [progress] new=21 skip=0 empty=0 fail=0 processed=21 elapsed=114s rate=0.18/s target=30 remain=9 eta=49s
[00:23:56] [progress] new=22 skip=0 empty=0 fail=0 processed=22 elapsed=118s rate=0.19/s target=30 remain=8 eta=43s
[00:23:58]   [2/2] 高知 done new=11 R (total_new=23)
[00:23:58] [progress] new=23 skip=0 empty=0 fail=0 processed=23 elapsed=119s rate=0.19/s target=30 remain=7 eta=36s
[00:23:58] [nar] done new=23 skipped=0 empty=0 failed=0 elapsed=117s
