nohup: ignoring input
=== build_dataset ===
races: 6006
  1000/6006 0s N=8397
  3000/6006 0s N=25469
  4000/6006 0s N=34034
  5000/6006 0s N=42467
  6000/6006 1s N=51001
N: 51046
jockey_rank: top=7 mid=7 bot=7
weight 取得: 51046/51046
hw_chg 取得: 45897/51046

総検定数 K = 94, Bonferroni z_adj = 3.4641

=== 有効ビン数: 84 ===

--- ROI 有意優位 (B > B^c) ---
  [      odds]           オッズ10-20 n=  8345 ROI=0.8381/0.6586 diff=+0.1795 CI=[+0.0160,+0.3431]
  [      odds]             オッズ3-5 n=  5409 ROI=0.8083/0.6737 diff=+0.1346 CI=[+0.0132,+0.2561]
  [      odds]             オッズ1-3 n=  5586 ROI=0.8011/0.6740 diff=+0.1271 CI=[+0.0203,+0.2338]
  [       pop]               2番人気 n=  5259 ROI=0.7980/0.6753 diff=+0.1227 CI=[+0.0002,+0.2452]
  [       pop]               1番人気 n=  5258 ROI=0.7969/0.6754 diff=+0.1215 CI=[+0.0142,+0.2288]

--- ROI 有意劣位 (B < B^c) ---
  [      odds]          オッズ50-100 n=  5870 ROI=0.4040/0.7248 diff=-0.3208 CI=[-0.5723,-0.0694]

--- 的中率 有意優位 (B > B^c) ---
  [      odds]             オッズ1-3 n=  5586 的中率=43.16%/6.26% オッズ=2.0/54.8 払戻(的中時)=186/1076
  [       pop]               1番人気 n=  5258 的中率=42.77%/6.57% オッズ=2.1/54.4 払戻(的中時)=186/1028
  [ jockey_id]            騎手ID 13 n=   613 的中率=26.59%/10.10% オッズ=5.3/49.5 払戻(的中時)=258/681
  [       pop]               2番人気 n=  5259 的中率=21.72%/8.99% オッズ=4.1/54.2 払戻(的中時)=367/751
  [      odds]             オッズ3-5 n=  5409 的中率=21.17%/9.01% オッズ=3.9/54.3 払戻(的中時)=382/747
  [ jockey_id]            騎手ID 18 n=   495 的中率=20.20%/10.20% オッズ=15.5/49.3 払戻(的中時)=495/671
  [ jockey_id]             騎手ID 0 n=   632 的中率=19.62%/10.18% オッズ=11.1/49.5 払戻(的中時)=377/675
  [jockey_rank]              騎手 上位 n=  3913 的中率=19.01%/9.58% オッズ=14.2/51.9 払戻(的中時)=409/710
  [ jockey_id]            騎手ID 11 n=   562 的中率=19.57%/10.20% オッズ=16.5/49.4 払戻(的中時)=338/675
  [ jockey_id]             騎手ID 8 n=   546 的中率=18.68%/10.21% オッズ=10.3/49.4 払戻(的中時)=419/673
  [ n_runners]               頭数 6 n=   570 的中率=16.67%/10.23% オッズ=16.1/49.4 払戻(的中時)=454/672
  [ n_runners]               頭数 7 n=  1820 的中率=14.29%/10.15% オッズ=26.1/49.8 払戻(的中時)=494/677
  [       age]               4-4歳 n= 13833 的中率=13.31%/9.18% オッズ=33.8/54.6 払戻(的中時)=537/738
  [    hw_chg]        体重増減 10~100 n=  3042 的中率=13.15%/10.12% オッズ=25.1/50.5 払戻(的中時)=453/686
  [       pop]               3番人気 n=  5257 的中率=12.99%/9.99% オッズ=6.9/53.8 払戻(的中時)=582/681
  [ n_runners]               頭数 8 n=  5984 的中率=12.50%/10.01% オッズ=31.5/51.3 払戻(的中時)=599/679
  [    sex_id]               性別 牡 n= 25059 的中率=11.40%/9.24% オッズ=43.0/54.8 払戻(的中時)=600/749
  [    weight]           斤量 56-57 n= 19171 的中率=11.61%/9.52% オッズ=48.1/49.6 払戻(的中時)=631/695

--- 的中率 有意劣位 (B < B^c) ---
  [       pop]             7-9番人気 n= 14127 的中率=1.71%/13.59% オッズ=75.5/38.9
  [      odds]            オッズ100+ n=  7305 的中率=0.26%/11.98% オッズ=211.8/21.8
  [       pop]             10番人気+ n=  5395 的中率=0.44%/11.47% オッズ=196.2/31.6
  [      odds]          オッズ50-100 n=  5870 的中率=0.63%/11.56% オッズ=70.8/46.2
  [      odds]           オッズ20-50 n= 10181 的中率=2.34%/12.28% オッズ=32.0/53.2
  [       pop]             4-6番人気 n= 15750 的中率=5.83%/12.29% オッズ=19.5/62.2
  [jockey_rank]              騎手 下位 n= 43455 的中率=9.41%/15.43% オッズ=54.1/19.8
  [      odds]           オッズ10-20 n=  8345 的中率=5.91%/11.16% オッズ=14.4/55.8
  [    weight]            斤量 0-53 n=  2409 的中率=6.10%/10.51% オッズ=61.6/48.4
  [ jockey_id]            騎手ID 20 n= 40373 的中率=9.43%/13.60% オッズ=55.7/23.5
  [    weight]           斤量 53-54 n=  1745 的中率=6.30%/10.44% オッズ=73.1/48.1
  [       age]              8-19歳 n=  5290 的中率=7.66%/10.61% オッズ=67.0/46.9
  [    sex_id]               性別 牝 n= 22509 的中率=8.86%/11.44% オッズ=55.5/43.8
  [ n_runners]              頭数 12 n= 10320 的中率=8.33%/10.80% オッズ=71.3/43.4
  [     frame]                枠 1 n=  5258 的中率=8.37%/10.52% オッズ=48.0/49.1
  [       age]               7-7歳 n=  4290 的中率=8.48%/10.47% オッズ=59.2/48.1
  [       age]               5-5歳 n=  9724 的中率=8.70%/10.68% オッズ=51.6/48.4
  [    weight]           斤量 54-55 n= 16941 的中率=9.11%/10.89% オッズ=59.0/44.0
  [ n_runners]              頭数 11 n=  7172 的中率=9.09%/10.50% オッズ=64.4/46.5
  [       age]               6-6歳 n=  7045 的中率=9.11%/10.49% オッズ=56.8/47.7
  [    hw_chg]           体重増減 1~5 n= 13044 的中率=9.35%/10.63% オッズ=53.1/47.6

saved scratch/single_feature_result.json
saved turso analytics_feature_cache
